C51 COMPILER V9.60.0.0   MAIN                                                              06/04/2026 19:26:56 PAGE 1   


C51 COMPILER V9.60.0.0, COMPILATION OF MODULE MAIN
OBJECT MODULE PLACED IN .\Objects\main.obj
COMPILER INVOKED BY: d:\Keil_C51\C51\BIN\C51.EXE main.c OPTIMIZE(8,SPEED) BROWSE DEBUG OBJECTEXTEND PRINT(.\Listings\mai
                    -n.lst) TABS(2) OBJECT(.\Objects\main.obj)

line level    source

   1          #include "stc8g.h"
   2          #include "intrins.h"
   3          
   4          /*
   5           * STC8G1K08A-SOP8 Pinout for RF Motor Driver application:
   6           * Pin 1: P5.4 -> LED
   7           * Pin 2: VCC
   8           * Pin 3: P5.5 -> D2 (Input)
   9           * Pin 4: GND
  10           * Pin 5: P3.0 -> D1 (Input)
  11           * Pin 6: P3.1 -> D0 (Input)
  12           * Pin 7: P3.2 -> MOTOR_B (Output)
  13           * Pin 8: P3.3 -> MOTOR_A (Output)
  14           */
  15          
  16          sbit LED     = P5^4;
  17          sbit D2      = P5^5;
  18          sbit D1      = P3^0;
  19          sbit D0      = P3^1;
  20          sbit MOTOR_B = P3^2;
  21          sbit MOTOR_A = P3^3;
  22          
  23          void Delay1ms()   //@11.0592MHz
  24          {
  25   1        unsigned char i, j;
  26   1      
  27   1        _nop_();
  28   1        _nop_();
  29   1        _nop_();
  30   1        i = 11;
  31   1        j = 190;
  32   1        do
  33   1        {
  34   2          while (--j);
  35   2        } while (--i);
  36   1      }
  37          
  38          void Delay(unsigned int ms)
  39          {
  40   1          while(ms--)
  41   1          {
  42   2              Delay1ms();
  43   2          }
  44   1      }
  45          
  46          void GPIO_Init()
  47          {
  48   1          // STC8G GPIO Mode Configuration:
  49   1          // PnM1 PnM0 | Mode
  50   1          // 0    0    | Standard 8051 (Weak Pull-up)
  51   1          // 0    1    | Push-Pull Output (Strong Pull-up)
  52   1          // 1    0    | Pure Input (High-Impedance)
  53   1          // 1    1    | Open-Drain Output
  54   1      
C51 COMPILER V9.60.0.0   MAIN                                                              06/04/2026 19:26:56 PAGE 2   

  55   1          // P3 configuration:
  56   1          // P3.0(D1), P3.1(D0) - Input (High-Z)
  57   1          // P3.2(MOTOR_B), P3.3(MOTOR_A) - Output (Push-Pull)
  58   1          P3M1 = 0x03; // 0000 0011 -> P3.1, P3.0 Input
  59   1          P3M0 = 0x0C; // 0000 1100 -> P3.3, P3.2 Push-Pull
  60   1      
  61   1          // P5 configuration:
  62   1          // P5.4(LED) - Output (Push-Pull)
  63   1          // P5.5(D2) - Input (High-Z)
  64   1          P5M1 = 0x20; // 0010 0000 -> P5.5 Input
  65   1          P5M0 = 0x10; // 0001 0000 -> P5.4 Push-Pull
  66   1      }
  67          
  68          void main()
  69          {
  70   1          unsigned char blink_timer = 0;
  71   1          GPIO_Init();
  72   1          
  73   1          // Initial states
  74   1          LED = 1;     // Active low LED off
  75   1          MOTOR_A = 0; // Motor off
  76   1          MOTOR_B = 0; // Motor off
  77   1      
  78   1          while (1)
  79   1          {
  80   2              // RF Control Logic:
  81   2              // D2 high -> Motor Forward (Both A & B high), LED Constant ON (Low)
  82   2              // D1 high -> Turn Right (MOTOR_A high, MOTOR_B low), LED Blink
  83   2              // D0 high -> Turn Left (MOTOR_A low, MOTOR_B high), LED Blink
  84   2              
  85   2              if (D2) 
  86   2              {
  87   3                  MOTOR_A = 1;
  88   3                  MOTOR_B = 1;
  89   3                  LED = 0; // Constant ON
  90   3              }
  91   2              else if (D1 || D0)
  92   2              {
  93   3                  if (D1)
  94   3                  {
  95   4                      MOTOR_A = 1;
  96   4                      MOTOR_B = 0;
  97   4                  }
  98   3                  else // D0
  99   3                  {
 100   4                      MOTOR_A = 0;
 101   4                      MOTOR_B = 1;
 102   4                  }
 103   3                  
 104   3                  // Blink logic
 105   3                  blink_timer++;
 106   3                  if (blink_timer > 5) // Adjust for speed
 107   3                  {
 108   4                      LED = !LED;
 109   4                      blink_timer = 0;
 110   4                  }
 111   3              }
 112   2              else
 113   2              {
 114   3                  MOTOR_A = 0;
 115   3                  MOTOR_B = 0;
 116   3                  LED = 1; // OFF
C51 COMPILER V9.60.0.0   MAIN                                                              06/04/2026 19:26:56 PAGE 3   

 117   3                  blink_timer = 0;
 118   3              }
 119   2      
 120   2              Delay(20); // Loop timing
 121   2          }
 122   1      }


MODULE INFORMATION:   STATIC OVERLAYABLE
   CODE SIZE        =    120    ----
   CONSTANT SIZE    =   ----    ----
   XDATA SIZE       =   ----    ----
   PDATA SIZE       =   ----    ----
   DATA SIZE        =   ----    ----
   IDATA SIZE       =   ----    ----
   BIT SIZE         =   ----    ----
END OF MODULE INFORMATION.


C51 COMPILATION COMPLETE.  0 WARNING(S),  0 ERROR(S)
